******************************************************************************
              TMS320C55x Linker PC v4.4.1                      
******************************************************************************
>> Linked Mon Mar 27 12:34:47 2023

OUTPUT FILE NAME:   <loop.out>
ENTRY POINT SYMBOL: "_c_int00"  address: 00010775


MEMORY CONFIGURATION

         name            origin    length      used     unused   attr    fill
                        (bytes)   (bytes)    (bytes)   (bytes)
----------------------  --------  ---------  --------  --------  ----  --------
  MMR                   00000000   000000c0  00000000  000000c0  RWIX
  DARAM0                000000c0   00001f40  00000474  00001acc  RWIX
  DARAM1                00002000   00002000  00000000  00002000  RWIX
  DARAM2                00004000   00002000  00000000  00002000  RWIX
  DARAM3                00006000   00002000  00000000  00002000  RWIX
  DARAM4                00008000   00002000  00000000  00002000  RWIX
  DARAM5                0000a000   00002000  00000012  00001fee  RWIX
  DARAM6                0000c000   00002000  00000000  00002000  RWIX
  DARAM7                0000e000   00002000  00000000  00002000  RWIX
  SARAM0                00010000   00002000  000007e9  00001817  RWIX
  SARAM1                00012000   00002000  00000000  00002000  RWIX
  SARAM2                00014000   00002000  00000000  00002000  RWIX
  SARAM3                00016000   00002000  00000000  00002000  RWIX
  SARAM4                00018000   00002000  00000000  00002000  RWIX
  SARAM5                0001a000   00002000  00000000  00002000  RWIX
  SARAM6                0001c000   00002000  00000000  00002000  RWIX
  SARAM7                0001e000   00002000  00000000  00002000  RWIX
  SARAM8                00020000   00002000  00000000  00002000  RWIX
  SARAM9                00022000   00002000  00000000  00002000  RWIX
  SARAM10               00024000   00002000  00000000  00002000  RWIX
  SARAM11               00026000   00002000  00000000  00002000  RWIX
  SARAM12               00028000   00002000  00000000  00002000  RWIX
  SARAM13               0002a000   00002000  00000000  00002000  RWIX
  SARAM14               0002c000   00002000  00000000  00002000  RWIX
  SARAM15               0002e000   00002000  00000000  00002000  RWIX
  SARAM16               00030000   00002000  00000000  00002000  RWIX
  SARAM17               00032000   00002000  00000000  00002000  RWIX
  SARAM18               00034000   00002000  00000000  00002000  RWIX
  SARAM19               00036000   00002000  00000000  00002000  RWIX
  SARAM20               00038000   00002000  00000000  00002000  RWIX
  SARAM21               0003a000   00002000  00000000  00002000  RWIX
  SARAM22               0003c000   00002000  00000000  00002000  RWIX
  SARAM23               0003e000   00002000  00000000  00002000  RWIX
  SARAM24               00040000   00002000  00000000  00002000  RWIX
  SARAM25               00042000   00002000  00000000  00002000  RWIX
  SARAM26               00044000   00002000  00000000  00002000  RWIX
  SARAM27               00046000   00002000  00000000  00002000  RWIX
  SARAM28               00048000   00002000  00000000  00002000  RWIX
  SARAM29               0004a000   00002000  00000000  00002000  RWIX
  SARAM30               0004c000   00002000  00000000  00002000  RWIX
  SARAM31               0004e000   00002000  00000000  00002000  RWIX
  CS0                   00050000   007b0000  00000000  007b0000  RWIX
  CS2                   00800000   00400000  00000000  00400000  RWIX
  CS3                   00c00000   00200000  00000000  00200000  RWIX
  CS4                   00e00000   00100000  00000000  00100000  RWIX
  CS5                   00f00000   000e0000  00000000  000e0000  RWIX
  ROM                   00fe0000   0001ff00  00000000  0001ff00  RWIX
  VECS                  00ffff00   00000100  00000100  00000000  RWIX


SECTION ALLOCATION MAP
(Addresses surrounded by []'s are displayed for convenience only!)

output                                                          attributes/
section   page  orgn(bytes) orgn(words) len(bytes) len(words)   input sections
--------  ----  ----------- ----------- ---------- ----------   --------------
.stack       0   [ 000000c0 ]  00000060          *   00000100   UNINITIALIZED
                 [ 000000c0 ]  00000060          *   00000100   --HOLE--

.sysstack 
*            0   [ 000002c0 ]  00000160          *   00000100   UNINITIALIZED
                 [ 000002c0 ]  00000160          *   00000100   --HOLE--

.const       0   [ 000004c0 ]  00000260          *   00000021   
                 [ 000004c0 ]  00000260          *   00000021   main.obj (.const:_$P$T0$1)

.cinit       0   [ 00000502 ]  00000281          *   00000019   
                 [ 00000502 ]  00000281          *   0000000a   rts55x.lib : _lock.obj (.cinit)
                 [ 00000516 ]  0000028b          *   0000000a              : exit.obj (.cinit)
                 [ 0000052a ]  00000295          *   00000004   usbstk5515bsl.lib : usbstk5515_i2c.obj (.cinit)
                 [ 00000532 ]  00000299          *   00000001   --HOLE-- [fill = 0]

.data        0   [ 00008000 ]  00004000          *   00000000   UNINITIALIZED

.bss         0   [ 0000a000 ]  00005000          *   00000009   UNINITIALIZED
                 [ 0000a000 ]  00005000          *   00000004   rts55x.lib : _lock.obj (.bss)
                 [ 0000a008 ]  00005004          *   00000004              : exit.obj (.bss)
                 [ 0000a010 ]  00005008          *   00000001   usbstk5515bsl.lib : usbstk5515_i2c.obj (.bss)

.text        0     00010000  [ 00008000 ] 000007e9          *   
                   00010000  [ 00008000 ] 00000333          *   main.obj (.text)
                   00010333  [ 00008199+] 00000156          *   usbstk5515bsl.lib : usbstk5515_gpio.obj (.text)
                   00010489  [ 00008244+] 0000014c          *                     : usbstk5515_i2c.obj (.text)
                   000105d5  [ 000082ea+] 00000076          *   aic3204_test.obj (.text)
                   0001064b  [ 00008325+] 00000054          *   usbstk5515bsl.lib : usbstk5515.obj (.text)
                   0001069f  [ 0000834f+] 0000004d          *   rts55x.lib : autoinit.obj (.text)
                   000106ec  [ 00008376 ] 0000004b          *              : args_main.obj (.text)
                   00010737  [ 0000839b+] 0000003e          *              : exit.obj (.text)
                   00010775  [ 000083ba+] 00000034          *              : boot.obj (.text)
                   000107a9  [ 000083d4+] 00000013          *              : lmpy.obj (.text)
                   000107bc  [ 000083de ] 00000012          *              : _lock.obj (.text)
                   000107ce  [ 000083e7 ] 00000011          *              : memset.obj (.text)
                   000107df  [ 000083ef+] 00000007          *              : exit.obj (.text:CIO_breakpoint)
                   000107e6  [ 000083f3 ] 00000002          *              : vectors.obj (.text)
                   000107e8  [ 000083f4 ] 00000001          *   --HOLE-- [fill = 20]

vectors      0     00ffff00  [ 007fff80 ] 00000100          *   NOLOAD SECTION
                   00ffff00  [ 007fff80 ] 00000100          *   rts55x.lib : vectors.obj (vectors)


GLOBAL SYMBOLS: SORTED ALPHABETICALLY BY Name 

abs. value/
byte addr   word addr   name
---------   ---------   ----
00000002                $TI_capability$C5500$CallingConvention
00000002                $TI_capability$C5500$MemoryModel
00000001                $TI_capability_requires_rev2
            00005000    .bss
            00004000    .data
ffffffff                .text
000107e0                C$$EXIT
000107a9                I$$LMPY
000105d5                _AIC3204_rget
00010626                _AIC3204_rset
00ffff00                _Reset
00010431                _USBSTK5515_GPIO_getInput
00010333                _USBSTK5515_GPIO_init
00010337                _USBSTK5515_GPIO_setDirection
000103b4                _USBSTK5515_GPIO_setOutput
000104a8                _USBSTK5515_I2C_close
00010489                _USBSTK5515_I2C_init
00010555                _USBSTK5515_I2C_read
000104b1                _USBSTK5515_I2C_reset
000104bf                _USBSTK5515_I2C_write
00010691                _USBSTK5515_init
0001064b                _USBSTK5515_wait
0001067f                _USBSTK5515_waitusec
            00000160    __STACK_END
00000200                __STACK_SIZE
00000200                __SYSSTACK_SIZE
00000001                __TI_args_main
ffffffff                ___binit__
            00005000    ___bss__
ffffffff                ___c_args__
            00000281    ___cinit__
            00004000    ___data__
            00004000    ___edata__
            00005009    ___end__
ffffffff                ___etext__
ffffffff                ___pinit__
ffffffff                ___text__
000106ec                __args_main
            00005004    __cleanup_ptr
            00005006    __dtors_ptr
            00005000    __lock
000107a9                __mpyli
000107cc                __nop
000107c4                __register_lock
000107bc                __register_unlock
            00000060    __stack
            00000160    __sysstack
            00005002    __unlock
000107df                _abort
0001069f                _auto_init
00010775                _c_int00
00010737                _exit
            00005008    _i2c_timeout
00010000                _main
000107ce                _memset
ffffffff                binit
            00000281    cinit
            00004000    edata
            00005009    end
ffffffff                etext
ffffffff                pinit


GLOBAL SYMBOLS: SORTED BY Symbol Address 

abs. value/
byte addr   word addr   name
---------   ---------   ----
00000001                $TI_capability_requires_rev2
00000001                __TI_args_main
00000002                $TI_capability$C5500$CallingConvention
00000002                $TI_capability$C5500$MemoryModel
            00000060    __stack
00000200                __STACK_SIZE
00000200                __SYSSTACK_SIZE
            00000160    __STACK_END
            00000160    __sysstack
            00000281    ___cinit__
            00000281    cinit
            00004000    .data
            00004000    ___data__
            00004000    ___edata__
            00004000    edata
            00005000    .bss
            00005000    ___bss__
            00005000    __lock
            00005002    __unlock
            00005004    __cleanup_ptr
            00005006    __dtors_ptr
            00005008    _i2c_timeout
            00005009    ___end__
            00005009    end
00010000                _main
00010333                _USBSTK5515_GPIO_init
00010337                _USBSTK5515_GPIO_setDirection
000103b4                _USBSTK5515_GPIO_setOutput
00010431                _USBSTK5515_GPIO_getInput
00010489                _USBSTK5515_I2C_init
000104a8                _USBSTK5515_I2C_close
000104b1                _USBSTK5515_I2C_reset
000104bf                _USBSTK5515_I2C_write
00010555                _USBSTK5515_I2C_read
000105d5                _AIC3204_rget
00010626                _AIC3204_rset
0001064b                _USBSTK5515_wait
0001067f                _USBSTK5515_waitusec
00010691                _USBSTK5515_init
0001069f                _auto_init
000106ec                __args_main
00010737                _exit
00010775                _c_int00
000107a9                I$$LMPY
000107a9                __mpyli
000107bc                __register_unlock
000107c4                __register_lock
000107cc                __nop
000107ce                _memset
000107df                _abort
000107e0                C$$EXIT
00ffff00                _Reset
ffffffff                .text
ffffffff                ___binit__
ffffffff                ___c_args__
ffffffff                ___etext__
ffffffff                ___pinit__
ffffffff                ___text__
ffffffff                binit
ffffffff                etext
ffffffff                pinit

[61 symbols]
